../Core/Src/main.c:73:6:copy	16	static
../Core/Src/main.c:81:6:HAL_UART_RxCpltCallback	16	static
../Core/Src/main.c:103:6:HAL_TIM_PeriodElapsedCallback	16	static
../Core/Src/main.c:127:5:main	240	static
../Core/Src/main.c:296:6:SystemClock_Config	96	static
../Core/Src/main.c:341:13:MX_TIM1_Init	96	static
../Core/Src/main.c:415:13:MX_TIM3_Init	56	static
../Core/Src/main.c:464:13:MX_USART1_UART_Init	8	static
../Core/Src/main.c:499:13:MX_USART2_UART_Init	8	static
../Core/Src/main.c:534:13:MX_GPIO_Init	40	static
../Core/Src/main.c:567:6:Error_Handler	4	static,ignoring_inline_asm
